Archive member included to satisfy reference by file (symbol)

c:/program files (x86)/atmel/studio/7.0/toolchain/avr8/avr8-gnu-toolchain/bin/../lib/gcc/avr/5.4.0/avr5\libgcc.a(_udivmodsi4.o)
                              Mod_Hw.o (__udivmodsi4)
c:/program files (x86)/atmel/studio/7.0/toolchain/avr8/avr8-gnu-toolchain/bin/../lib/gcc/avr/5.4.0/avr5\libgcc.a(_exit.o)
                              C:/Program Files (x86)/Atmel/Studio/7.0/Packs/atmel/ATmega_DFP/1.7.374/gcc/dev/atmega328p/avr5/crtatmega328p.o (exit)
c:/program files (x86)/atmel/studio/7.0/toolchain/avr8/avr8-gnu-toolchain/bin/../lib/gcc/avr/5.4.0/avr5\libgcc.a(_copy_data.o)
                              Mod_Hw.o (__do_copy_data)
c:/program files (x86)/atmel/studio/7.0/toolchain/avr8/avr8-gnu-toolchain/bin/../lib/gcc/avr/5.4.0/avr5\libgcc.a(_clear_bss.o)
                              Mod_Hw.o (__do_clear_bss)

Allocating common symbols
Common symbol       size              file

Cad_Seq_Led         0x1               PGM_Atmega-Aula31.o
Pont_Led            0x1               PGM_Atmega-Aula31.o
Reg_SW_Bkp          0x1               PGM_Atmega-Aula31.o
Mask                0x1               PGM_Atmega-Aula31.o
ctedelay100us       0x1               PGM_Atmega-Aula31.o
Bit_Ram_00          0x1               Mod_Hw.o
Bit_Ram_02          0x1               Mod_Hw.o
Dezena_Dsp7Seg      0x1               PGM_Atmega-Aula31.o
Reg_SW              0x1               PGM_Atmega-Aula31.o
Buffer_Uso_Geral    0x1               PGM_Atmega-Aula31.o
delayus             0x2               PGM_Atmega-Aula31.o
TChaves             0x1               PGM_Atmega-Aula31.o
Chaves              0x1               PGM_Atmega-Aula31.o
Unid_Dsp7Seg        0x1               PGM_Atmega-Aula31.o
nClock              0x1               PGM_Atmega-Aula31.o
Bit_Ram_01          0x1               Mod_Hw.o
LeitDS1307          0x1               PGM_Atmega-Aula31.o
Data_Usart          0x1               PGM_Atmega-Aula31.o
Display             0x1               PGM_Atmega-Aula31.o

Discarded input sections

 .data          0x00000000        0x0 C:/Program Files (x86)/Atmel/Studio/7.0/Packs/atmel/ATmega_DFP/1.7.374/gcc/dev/atmega328p/avr5/crtatmega328p.o
 .bss           0x00000000        0x0 C:/Program Files (x86)/Atmel/Studio/7.0/Packs/atmel/ATmega_DFP/1.7.374/gcc/dev/atmega328p/avr5/crtatmega328p.o
 .text          0x00000000        0x0 fuse.o
 .data          0x00000000        0x0 fuse.o
 .bss           0x00000000        0x0 fuse.o
 .text          0x00000000        0x0 main.o
 .data          0x00000000        0x0 main.o
 .bss           0x00000000        0x0 main.o
 .debug_info    0x00000000       0x56 main.o
 .debug_abbrev  0x00000000       0x26 main.o
 .debug_aranges
                0x00000000       0x18 main.o
 .debug_line    0x00000000       0x1a main.o
 .debug_str     0x00000000      0x17a main.o
 .comment       0x00000000       0x31 main.o
 .text          0x00000000        0x0 Mod_Hw.o
 .data          0x00000000        0x0 Mod_Hw.o
 .bss           0x00000000        0x0 Mod_Hw.o
 .text.Teste_Sysbit
                0x00000000       0x16 Mod_Hw.o
 .text.Config_ADC
                0x00000000       0x3e Mod_Hw.o
 .text.Le_ADC   0x00000000       0x2c Mod_Hw.o
 .text.Calcula_Check_Sum
                0x00000000       0x22 Mod_Hw.o
 .text.Buzzer_On
                0x00000000       0x2c Mod_Hw.o
 .text.Cpl_Portbit
                0x00000000       0xc0 Mod_Hw.o
 .text.Setbit   0x00000000       0x6c Mod_Hw.o
 .text.Clrbit   0x00000000       0x6e Mod_Hw.o
 .text.TesteBit
                0x00000000       0x62 Mod_Hw.o
 .text.Cplbit   0x00000000       0x6c Mod_Hw.o
 .text.LCD_Num_Hex
                0x00000000       0x70 Mod_Hw.o
 .rodata.str1.1
                0x00000000        0x6 Mod_Hw.o
 .text.Escreve_Num_LCD
                0x00000000      0x10c Mod_Hw.o
 .text.Mens_LCD
                0x00000000       0x20 Mod_Hw.o
 .text.EnvCaracterEspecialLCD
                0x00000000       0x3e Mod_Hw.o
 COMMON         0x00000000        0x3 Mod_Hw.o
 .text          0x00000000        0x0 Mod_I2C.o
 .data          0x00000000        0x0 Mod_I2C.o
 .bss           0x00000000        0x0 Mod_I2C.o
 .text          0x00000000        0x0 Mod_Ini.o
 .data          0x00000000        0x0 Mod_Ini.o
 .bss           0x00000000        0x0 Mod_Ini.o
 .text          0x00000000        0x0 Mod_Timer.o
 .data          0x00000000        0x0 Mod_Timer.o
 .bss           0x00000000        0x0 Mod_Timer.o
 .text.Config_Timer1_OVF
                0x00000000       0x28 Mod_Timer.o
 .text.Configura_Timer_1_Modo_CTC
                0x00000000       0x30 Mod_Timer.o
 .text          0x00000000        0x0 Mod_Usart.o
 .data          0x00000000        0x0 Mod_Usart.o
 .bss           0x00000000        0x0 Mod_Usart.o
 .text.Config_Usart
                0x00000000       0x2a Mod_Usart.o
 .text.Envia_String_Usart
                0x00000000       0x28 Mod_Usart.o
 .text.Wr_Data_Usart
                0x00000000       0x1a Mod_Usart.o
 .text.Rd_Byte_Usart
                0x00000000       0x3c Mod_Usart.o
 .debug_info    0x00000000      0x19a Mod_Usart.o
 .debug_abbrev  0x00000000       0xf1 Mod_Usart.o
 .debug_loc     0x00000000       0xc0 Mod_Usart.o
 .debug_aranges
                0x00000000       0x38 Mod_Usart.o
 .debug_ranges  0x00000000       0x28 Mod_Usart.o
 .debug_line    0x00000000      0x157 Mod_Usart.o
 .debug_str     0x00000000      0x219 Mod_Usart.o
 .comment       0x00000000       0x31 Mod_Usart.o
 .debug_frame   0x00000000       0x68 Mod_Usart.o
 .text          0x00000000        0x0 PGM_Atmega-Aula31.o
 .data          0x00000000        0x0 PGM_Atmega-Aula31.o
 .bss           0x00000000        0x0 PGM_Atmega-Aula31.o
 .progmem.data.Tab_Num_Hex
                0x00000000       0x10 PGM_Atmega-Aula31.o
 .progmem.data.Tab_DSP7Seg_Letra
                0x00000000        0xf PGM_Atmega-Aula31.o
 .text          0x00000000        0x0 c:/program files (x86)/atmel/studio/7.0/toolchain/avr8/avr8-gnu-toolchain/bin/../lib/gcc/avr/5.4.0/avr5\libgcc.a(_udivmodsi4.o)
 .data          0x00000000        0x0 c:/program files (x86)/atmel/studio/7.0/toolchain/avr8/avr8-gnu-toolchain/bin/../lib/gcc/avr/5.4.0/avr5\libgcc.a(_udivmodsi4.o)
 .bss           0x00000000        0x0 c:/program files (x86)/atmel/studio/7.0/toolchain/avr8/avr8-gnu-toolchain/bin/../lib/gcc/avr/5.4.0/avr5\libgcc.a(_udivmodsi4.o)
 .text.libgcc.mul
                0x00000000        0x0 c:/program files (x86)/atmel/studio/7.0/toolchain/avr8/avr8-gnu-toolchain/bin/../lib/gcc/avr/5.4.0/avr5\libgcc.a(_udivmodsi4.o)
 .text.libgcc.div
                0x00000000       0x44 c:/program files (x86)/atmel/studio/7.0/toolchain/avr8/avr8-gnu-toolchain/bin/../lib/gcc/avr/5.4.0/avr5\libgcc.a(_udivmodsi4.o)
 .text.libgcc   0x00000000        0x0 c:/program files (x86)/atmel/studio/7.0/toolchain/avr8/avr8-gnu-toolchain/bin/../lib/gcc/avr/5.4.0/avr5\libgcc.a(_udivmodsi4.o)
 .text.libgcc.prologue
                0x00000000        0x0 c:/program files (x86)/atmel/studio/7.0/toolchain/avr8/avr8-gnu-toolchain/bin/../lib/gcc/avr/5.4.0/avr5\libgcc.a(_udivmodsi4.o)
 .text.libgcc.builtins
                0x00000000        0x0 c:/program files (x86)/atmel/studio/7.0/toolchain/avr8/avr8-gnu-toolchain/bin/../lib/gcc/avr/5.4.0/avr5\libgcc.a(_udivmodsi4.o)
 .text.libgcc.fmul
                0x00000000        0x0 c:/program files (x86)/atmel/studio/7.0/toolchain/avr8/avr8-gnu-toolchain/bin/../lib/gcc/avr/5.4.0/avr5\libgcc.a(_udivmodsi4.o)
 .text.libgcc.fixed
                0x00000000        0x0 c:/program files (x86)/atmel/studio/7.0/toolchain/avr8/avr8-gnu-toolchain/bin/../lib/gcc/avr/5.4.0/avr5\libgcc.a(_udivmodsi4.o)
 .text          0x00000000        0x0 c:/program files (x86)/atmel/studio/7.0/toolchain/avr8/avr8-gnu-toolchain/bin/../lib/gcc/avr/5.4.0/avr5\libgcc.a(_exit.o)
 .data          0x00000000        0x0 c:/program files (x86)/atmel/studio/7.0/toolchain/avr8/avr8-gnu-toolchain/bin/../lib/gcc/avr/5.4.0/avr5\libgcc.a(_exit.o)
 .bss           0x00000000        0x0 c:/program files (x86)/atmel/studio/7.0/toolchain/avr8/avr8-gnu-toolchain/bin/../lib/gcc/avr/5.4.0/avr5\libgcc.a(_exit.o)
 .text.libgcc.mul
                0x00000000        0x0 c:/program files (x86)/atmel/studio/7.0/toolchain/avr8/avr8-gnu-toolchain/bin/../lib/gcc/avr/5.4.0/avr5\libgcc.a(_exit.o)
 .text.libgcc.div
                0x00000000        0x0 c:/program files (x86)/atmel/studio/7.0/toolchain/avr8/avr8-gnu-toolchain/bin/../lib/gcc/avr/5.4.0/avr5\libgcc.a(_exit.o)
 .text.libgcc   0x00000000        0x0 c:/program files (x86)/atmel/studio/7.0/toolchain/avr8/avr8-gnu-toolchain/bin/../lib/gcc/avr/5.4.0/avr5\libgcc.a(_exit.o)
 .text.libgcc.prologue
                0x00000000        0x0 c:/program files (x86)/atmel/studio/7.0/toolchain/avr8/avr8-gnu-toolchain/bin/../lib/gcc/avr/5.4.0/avr5\libgcc.a(_exit.o)
 .text.libgcc.builtins
                0x00000000        0x0 c:/program files (x86)/atmel/studio/7.0/toolchain/avr8/avr8-gnu-toolchain/bin/../lib/gcc/avr/5.4.0/avr5\libgcc.a(_exit.o)
 .text.libgcc.fmul
                0x00000000        0x0 c:/program files (x86)/atmel/studio/7.0/toolchain/avr8/avr8-gnu-toolchain/bin/../lib/gcc/avr/5.4.0/avr5\libgcc.a(_exit.o)
 .text.libgcc.fixed
                0x00000000        0x0 c:/program files (x86)/atmel/studio/7.0/toolchain/avr8/avr8-gnu-toolchain/bin/../lib/gcc/avr/5.4.0/avr5\libgcc.a(_exit.o)
 .text          0x00000000        0x0 c:/program files (x86)/atmel/studio/7.0/toolchain/avr8/avr8-gnu-toolchain/bin/../lib/gcc/avr/5.4.0/avr5\libgcc.a(_copy_data.o)
 .data          0x00000000        0x0 c:/program files (x86)/atmel/studio/7.0/toolchain/avr8/avr8-gnu-toolchain/bin/../lib/gcc/avr/5.4.0/avr5\libgcc.a(_copy_data.o)
 .bss           0x00000000        0x0 c:/program files (x86)/atmel/studio/7.0/toolchain/avr8/avr8-gnu-toolchain/bin/../lib/gcc/avr/5.4.0/avr5\libgcc.a(_copy_data.o)
 .text.libgcc.mul
                0x00000000        0x0 c:/program files (x86)/atmel/studio/7.0/toolchain/avr8/avr8-gnu-toolchain/bin/../lib/gcc/avr/5.4.0/avr5\libgcc.a(_copy_data.o)
 .text.libgcc.div
                0x00000000        0x0 c:/program files (x86)/atmel/studio/7.0/toolchain/avr8/avr8-gnu-toolchain/bin/../lib/gcc/avr/5.4.0/avr5\libgcc.a(_copy_data.o)
 .text.libgcc   0x00000000        0x0 c:/program files (x86)/atmel/studio/7.0/toolchain/avr8/avr8-gnu-toolchain/bin/../lib/gcc/avr/5.4.0/avr5\libgcc.a(_copy_data.o)
 .text.libgcc.prologue
                0x00000000        0x0 c:/program files (x86)/atmel/studio/7.0/toolchain/avr8/avr8-gnu-toolchain/bin/../lib/gcc/avr/5.4.0/avr5\libgcc.a(_copy_data.o)
 .text.libgcc.builtins
                0x00000000        0x0 c:/program files (x86)/atmel/studio/7.0/toolchain/avr8/avr8-gnu-toolchain/bin/../lib/gcc/avr/5.4.0/avr5\libgcc.a(_copy_data.o)
 .text.libgcc.fmul
                0x00000000        0x0 c:/program files (x86)/atmel/studio/7.0/toolchain/avr8/avr8-gnu-toolchain/bin/../lib/gcc/avr/5.4.0/avr5\libgcc.a(_copy_data.o)
 .text.libgcc.fixed
                0x00000000        0x0 c:/program files (x86)/atmel/studio/7.0/toolchain/avr8/avr8-gnu-toolchain/bin/../lib/gcc/avr/5.4.0/avr5\libgcc.a(_copy_data.o)
 .text          0x00000000        0x0 c:/program files (x86)/atmel/studio/7.0/toolchain/avr8/avr8-gnu-toolchain/bin/../lib/gcc/avr/5.4.0/avr5\libgcc.a(_clear_bss.o)
 .data          0x00000000        0x0 c:/program files (x86)/atmel/studio/7.0/toolchain/avr8/avr8-gnu-toolchain/bin/../lib/gcc/avr/5.4.0/avr5\libgcc.a(_clear_bss.o)
 .bss           0x00000000        0x0 c:/program files (x86)/atmel/studio/7.0/toolchain/avr8/avr8-gnu-toolchain/bin/../lib/gcc/avr/5.4.0/avr5\libgcc.a(_clear_bss.o)
 .text.libgcc.mul
                0x00000000        0x0 c:/program files (x86)/atmel/studio/7.0/toolchain/avr8/avr8-gnu-toolchain/bin/../lib/gcc/avr/5.4.0/avr5\libgcc.a(_clear_bss.o)
 .text.libgcc.div
                0x00000000        0x0 c:/program files (x86)/atmel/studio/7.0/toolchain/avr8/avr8-gnu-toolchain/bin/../lib/gcc/avr/5.4.0/avr5\libgcc.a(_clear_bss.o)
 .text.libgcc   0x00000000        0x0 c:/program files (x86)/atmel/studio/7.0/toolchain/avr8/avr8-gnu-toolchain/bin/../lib/gcc/avr/5.4.0/avr5\libgcc.a(_clear_bss.o)
 .text.libgcc.prologue
                0x00000000        0x0 c:/program files (x86)/atmel/studio/7.0/toolchain/avr8/avr8-gnu-toolchain/bin/../lib/gcc/avr/5.4.0/avr5\libgcc.a(_clear_bss.o)
 .text.libgcc.builtins
                0x00000000        0x0 c:/program files (x86)/atmel/studio/7.0/toolchain/avr8/avr8-gnu-toolchain/bin/../lib/gcc/avr/5.4.0/avr5\libgcc.a(_clear_bss.o)
 .text.libgcc.fmul
                0x00000000        0x0 c:/program files (x86)/atmel/studio/7.0/toolchain/avr8/avr8-gnu-toolchain/bin/../lib/gcc/avr/5.4.0/avr5\libgcc.a(_clear_bss.o)
 .text.libgcc.fixed
                0x00000000        0x0 c:/program files (x86)/atmel/studio/7.0/toolchain/avr8/avr8-gnu-toolchain/bin/../lib/gcc/avr/5.4.0/avr5\libgcc.a(_clear_bss.o)

Memory Configuration

Name             Origin             Length             Attributes
text             0x00000000         0x00008000         xr
data             0x00800100         0x00000800         rw !x
eeprom           0x00810000         0x00000400         rw !x
fuse             0x00820000         0x00000003         rw !x
lock             0x00830000         0x00000400         rw !x
signature        0x00840000         0x00000400         rw !x
user_signatures  0x00850000         0x00000400         rw !x
*default*        0x00000000         0xffffffff

Linker script and memory map

Address of section .data set to 0x800100
LOAD C:/Program Files (x86)/Atmel/Studio/7.0/Packs/atmel/ATmega_DFP/1.7.374/gcc/dev/atmega328p/avr5/crtatmega328p.o
LOAD fuse.o
LOAD main.o
LOAD Mod_Hw.o
LOAD Mod_I2C.o
LOAD Mod_Ini.o
LOAD Mod_Timer.o
LOAD Mod_Usart.o
LOAD PGM_Atmega-Aula31.o
START GROUP
LOAD c:/program files (x86)/atmel/studio/7.0/toolchain/avr8/avr8-gnu-toolchain/bin/../lib/gcc/avr/5.4.0/../../../../avr/lib/avr5\libm.a
END GROUP
START GROUP
LOAD c:/program files (x86)/atmel/studio/7.0/toolchain/avr8/avr8-gnu-toolchain/bin/../lib/gcc/avr/5.4.0/avr5\libgcc.a
LOAD c:/program files (x86)/atmel/studio/7.0/toolchain/avr8/avr8-gnu-toolchain/bin/../lib/gcc/avr/5.4.0/../../../../avr/lib/avr5\libm.a
LOAD c:/program files (x86)/atmel/studio/7.0/toolchain/avr8/avr8-gnu-toolchain/bin/../lib/gcc/avr/5.4.0/../../../../avr/lib/avr5\libc.a
LOAD C:/Program Files (x86)/Atmel/Studio/7.0/Packs/atmel/ATmega_DFP/1.7.374/gcc/dev/atmega328p/avr5\libatmega328p.a
END GROUP
                0x00000000                __TEXT_REGION_ORIGIN__ = DEFINED (__TEXT_REGION_ORIGIN__)?__TEXT_REGION_ORIGIN__:0x0
                [0x00800100]                __DATA_REGION_ORIGIN__ = DEFINED (__DATA_REGION_ORIGIN__)?__DATA_REGION_ORIGIN__:0x800060
                [0x00008000]                __TEXT_REGION_LENGTH__ = DEFINED (__TEXT_REGION_LENGTH__)?__TEXT_REGION_LENGTH__:0x20000
                [0x00000800]                __DATA_REGION_LENGTH__ = DEFINED (__DATA_REGION_LENGTH__)?__DATA_REGION_LENGTH__:0xffa0
                [0x00000400]                __EEPROM_REGION_LENGTH__ = DEFINED (__EEPROM_REGION_LENGTH__)?__EEPROM_REGION_LENGTH__:0x10000
                [0x00000003]                __FUSE_REGION_LENGTH__ = DEFINED (__FUSE_REGION_LENGTH__)?__FUSE_REGION_LENGTH__:0x400
                0x00000400                __LOCK_REGION_LENGTH__ = DEFINED (__LOCK_REGION_LENGTH__)?__LOCK_REGION_LENGTH__:0x400
                0x00000400                __SIGNATURE_REGION_LENGTH__ = DEFINED (__SIGNATURE_REGION_LENGTH__)?__SIGNATURE_REGION_LENGTH__:0x400
                0x00000400                __USER_SIGNATURE_REGION_LENGTH__ = DEFINED (__USER_SIGNATURE_REGION_LENGTH__)?__USER_SIGNATURE_REGION_LENGTH__:0x400

.hash
 *(.hash)

.dynsym
 *(.dynsym)

.dynstr
 *(.dynstr)

.gnu.version
 *(.gnu.version)

.gnu.version_d
 *(.gnu.version_d)

.gnu.version_r
 *(.gnu.version_r)

.rel.init
 *(.rel.init)

.rela.init
 *(.rela.init)

.rel.text
 *(.rel.text)
 *(.rel.text.*)
 *(.rel.gnu.linkonce.t*)

.rela.text
 *(.rela.text)
 *(.rela.text.*)
 *(.rela.gnu.linkonce.t*)

.rel.fini
 *(.rel.fini)

.rela.fini
 *(.rela.fini)

.rel.rodata
 *(.rel.rodata)
 *(.rel.rodata.*)
 *(.rel.gnu.linkonce.r*)

.rela.rodata
 *(.rela.rodata)
 *(.rela.rodata.*)
 *(.rela.gnu.linkonce.r*)

.rel.data
 *(.rel.data)
 *(.rel.data.*)
 *(.rel.gnu.linkonce.d*)

.rela.data
 *(.rela.data)
 *(.rela.data.*)
 *(.rela.gnu.linkonce.d*)

.rel.ctors
 *(.rel.ctors)

.rela.ctors
 *(.rela.ctors)

.rel.dtors
 *(.rel.dtors)

.rela.dtors
 *(.rela.dtors)

.rel.got
 *(.rel.got)

.rela.got
 *(.rela.got)

.rel.bss
 *(.rel.bss)

.rela.bss
 *(.rela.bss)

.rel.plt
 *(.rel.plt)

.rela.plt
 *(.rela.plt)

.text           0x00000000      0xb62
 *(.vectors)
 .vectors       0x00000000       0x68 C:/Program Files (x86)/Atmel/Studio/7.0/Packs/atmel/ATmega_DFP/1.7.374/gcc/dev/atmega328p/avr5/crtatmega328p.o
                0x00000000                __vector_default
                0x00000000                __vectors
 *(.vectors)
 *(.progmem.gcc*)
                0x00000068                . = ALIGN (0x2)
                0x00000068                __trampolines_start = .
 *(.trampolines)
 .trampolines   0x00000068        0x0 linker stubs
 *(.trampolines*)
                0x00000068                __trampolines_end = .
 *libprintf_flt.a:*(.progmem.data)
 *libc.a:*(.progmem.data)
 *(.progmem*)
 .progmem.data.Tab_DSP7Seg_Num
                0x00000068        0xb PGM_Atmega-Aula31.o
                0x00000068                Tab_DSP7Seg_Num
                0x00000074                . = ALIGN (0x2)
 *fill*         0x00000073        0x1 
 *(.jumptables)
 *(.jumptables*)
 *(.lowtext)
 *(.lowtext*)
                0x00000074                __ctors_start = .
 *(.ctors)
                0x00000074                __ctors_end = .
                0x00000074                __dtors_start = .
 *(.dtors)
                0x00000074                __dtors_end = .
 SORT(*)(.ctors)
 SORT(*)(.dtors)
 *(.init0)
 .init0         0x00000074        0x0 C:/Program Files (x86)/Atmel/Studio/7.0/Packs/atmel/ATmega_DFP/1.7.374/gcc/dev/atmega328p/avr5/crtatmega328p.o
                0x00000074                __init
 *(.init0)
 *(.init1)
 *(.init1)
 *(.init2)
 .init2         0x00000074        0xc C:/Program Files (x86)/Atmel/Studio/7.0/Packs/atmel/ATmega_DFP/1.7.374/gcc/dev/atmega328p/avr5/crtatmega328p.o
 *(.init2)
 *(.init3)
 *(.init3)
 *(.init4)
 .init4         0x00000080       0x16 c:/program files (x86)/atmel/studio/7.0/toolchain/avr8/avr8-gnu-toolchain/bin/../lib/gcc/avr/5.4.0/avr5\libgcc.a(_copy_data.o)
                0x00000080                __do_copy_data
 .init4         0x00000096       0x10 c:/program files (x86)/atmel/studio/7.0/toolchain/avr8/avr8-gnu-toolchain/bin/../lib/gcc/avr/5.4.0/avr5\libgcc.a(_clear_bss.o)
                0x00000096                __do_clear_bss
 *(.init4)
 *(.init5)
 *(.init5)
 *(.init6)
 *(.init6)
 *(.init7)
 *(.init7)
 *(.init8)
 *(.init8)
 *(.init9)
 .init9         0x000000a6        0x8 C:/Program Files (x86)/Atmel/Studio/7.0/Packs/atmel/ATmega_DFP/1.7.374/gcc/dev/atmega328p/avr5/crtatmega328p.o
 *(.init9)
 *(.text)
 .text          0x000000ae        0x4 C:/Program Files (x86)/Atmel/Studio/7.0/Packs/atmel/ATmega_DFP/1.7.374/gcc/dev/atmega328p/avr5/crtatmega328p.o
                0x000000ae                __vector_22
                0x000000ae                __vector_1
                0x000000ae                __vector_24
                0x000000ae                __vector_12
                0x000000ae                __bad_interrupt
                0x000000ae                __vector_6
                0x000000ae                __vector_3
                0x000000ae                __vector_23
                0x000000ae                __vector_25
                0x000000ae                __vector_11
                0x000000ae                __vector_17
                0x000000ae                __vector_19
                0x000000ae                __vector_7
                0x000000ae                __vector_5
                0x000000ae                __vector_4
                0x000000ae                __vector_9
                0x000000ae                __vector_2
                0x000000ae                __vector_21
                0x000000ae                __vector_15
                0x000000ae                __vector_8
                0x000000ae                __vector_14
                0x000000ae                __vector_10
                0x000000ae                __vector_16
                0x000000ae                __vector_18
                0x000000ae                __vector_20
                0x000000b2                . = ALIGN (0x2)
 *(.text.*)
 .text.Wait     0x000000b2       0x1a Mod_Hw.o
                0x000000b2                Wait
 .text.Set_Portbit
                0x000000cc       0xc0 Mod_Hw.o
                0x000000cc                Set_Portbit
 .text.Clr_Portbit
                0x0000018c       0xca Mod_Hw.o
                0x0000018c                Clr_Portbit
 .text.Config_Portbit
                0x00000256      0x17a Mod_Hw.o
                0x00000256                Config_Portbit
 .text.EnvDataLCD
                0x000003d0       0x30 Mod_Hw.o
                0x000003d0                EnvDataLCD
 .text.EnvCmdLCD
                0x00000400       0x30 Mod_Hw.o
                0x00000400                EnvCmdLCD
 .text.Inicilaiza_LCD
                0x00000430       0x26 Mod_Hw.o
                0x00000430                Inicilaiza_LCD
 .text.Move_Cursor
                0x00000456       0x14 Mod_Hw.o
                0x00000456                Move_Cursor
 .text.Escreve_String_LCD
                0x0000046a       0x60 Mod_Hw.o
                0x0000046a                Escreve_String_LCD
 .text.I2C_Start
                0x000004ca       0xba Mod_I2C.o
 .text.I2C_Stop
                0x00000584       0x92 Mod_I2C.o
 .text.I2C_WriteByte
                0x00000616      0x14c Mod_I2C.o
 .text.I2C_ReadByte
                0x00000762      0x178 Mod_I2C.o
 .text.I2C_Control_Write
                0x000008da       0x76 Mod_I2C.o
                0x000008da                I2C_Control_Write
 .text.I2C_Control_Read
                0x00000950       0x86 Mod_I2C.o
                0x00000950                I2C_Control_Read
 .text.Ini_System
                0x000009d6       0x2c Mod_Ini.o
                0x000009d6                Ini_System
 .text.__vector_13
                0x00000a02      0x122 Mod_Timer.o
                0x00000a02                __vector_13
 .text.main     0x00000b24       0x3a PGM_Atmega-Aula31.o
                0x00000b24                main
                0x00000b5e                . = ALIGN (0x2)
 *(.fini9)
 .fini9         0x00000b5e        0x0 c:/program files (x86)/atmel/studio/7.0/toolchain/avr8/avr8-gnu-toolchain/bin/../lib/gcc/avr/5.4.0/avr5\libgcc.a(_exit.o)
                0x00000b5e                _exit
                0x00000b5e                exit
 *(.fini9)
 *(.fini8)
 *(.fini8)
 *(.fini7)
 *(.fini7)
 *(.fini6)
 *(.fini6)
 *(.fini5)
 *(.fini5)
 *(.fini4)
 *(.fini4)
 *(.fini3)
 *(.fini3)
 *(.fini2)
 *(.fini2)
 *(.fini1)
 *(.fini1)
 *(.fini0)
 .fini0         0x00000b5e        0x4 c:/program files (x86)/atmel/studio/7.0/toolchain/avr8/avr8-gnu-toolchain/bin/../lib/gcc/avr/5.4.0/avr5\libgcc.a(_exit.o)
 *(.fini0)
                0x00000b62                _etext = .

.data           0x00800100        0xe load address 0x00000b62
                0x00800100                PROVIDE (__data_start, .)
 *(.data)
 *(.data*)
 *(.gnu.linkonce.d*)
 *(.rodata)
 *(.rodata*)
 .rodata.str1.1
                0x00800100        0xe PGM_Atmega-Aula31.o
 *(.gnu.linkonce.r*)
                0x0080010e                . = ALIGN (0x2)
                0x0080010e                _edata = .
                0x0080010e                PROVIDE (__data_end, .)

.bss            0x0080010e       0x11
                0x0080010e                PROVIDE (__bss_start, .)
 *(.bss)
 *(.bss*)
 *(COMMON)
 COMMON         0x0080010e       0x11 PGM_Atmega-Aula31.o
                0x0080010e                Cad_Seq_Led
                0x0080010f                Pont_Led
                0x00800110                Reg_SW_Bkp
                0x00800111                Mask
                0x00800112                ctedelay100us
                0x00800113                Dezena_Dsp7Seg
                0x00800114                Reg_SW
                0x00800115                Buffer_Uso_Geral
                0x00800116                delayus
                0x00800118                TChaves
                0x00800119                Chaves
                0x0080011a                Unid_Dsp7Seg
                0x0080011b                nClock
                0x0080011c                LeitDS1307
                0x0080011d                Data_Usart
                0x0080011e                Display
                0x0080011f                PROVIDE (__bss_end, .)
                0x00000b62                __data_load_start = LOADADDR (.data)
                0x00000b70                __data_load_end = (__data_load_start + SIZEOF (.data))

.noinit         0x0080011f        0x0
                [!provide]                PROVIDE (__noinit_start, .)
 *(.noinit*)
                [!provide]                PROVIDE (__noinit_end, .)
                0x0080011f                _end = .
                [!provide]                PROVIDE (__heap_start, .)

.eeprom         0x00810000        0x0
 *(.eeprom*)
                0x00810000                __eeprom_end = .

.fuse           0x00820000        0x3
 *(.fuse)
 .fuse          0x00820000        0x3 fuse.o
                0x00820000                __fuse
 *(.lfuse)
 *(.hfuse)
 *(.efuse)

.lock
 *(.lock*)

.signature
 *(.signature*)

.user_signatures
 *(.user_signatures*)

.stab
 *(.stab)

.stabstr
 *(.stabstr)

.stab.excl
 *(.stab.excl)

.stab.exclstr
 *(.stab.exclstr)

.stab.index
 *(.stab.index)

.stab.indexstr
 *(.stab.indexstr)

.comment        0x00000000       0x30
 *(.comment)
 .comment       0x00000000       0x30 fuse.o
                                 0x31 (size before relaxing)
 .comment       0x00000030       0x31 Mod_Hw.o
 .comment       0x00000030       0x31 Mod_I2C.o
 .comment       0x00000030       0x31 Mod_Ini.o
 .comment       0x00000030       0x31 Mod_Timer.o
 .comment       0x00000030       0x31 PGM_Atmega-Aula31.o

.note.gnu.avr.deviceinfo
                0x00000000       0x40
 .note.gnu.avr.deviceinfo
                0x00000000       0x40 C:/Program Files (x86)/Atmel/Studio/7.0/Packs/atmel/ATmega_DFP/1.7.374/gcc/dev/atmega328p/avr5/crtatmega328p.o

.note.gnu.build-id
 *(.note.gnu.build-id)

.debug
 *(.debug)

.line
 *(.line)

.debug_srcinfo
 *(.debug_srcinfo)

.debug_sfnames
 *(.debug_sfnames)

.debug_aranges  0x00000000      0x1a0
 *(.debug_aranges)
 .debug_aranges
                0x00000000       0x18 fuse.o
 .debug_aranges
                0x00000018       0xd0 Mod_Hw.o
 .debug_aranges
                0x000000e8       0x48 Mod_I2C.o
 .debug_aranges
                0x00000130       0x20 Mod_Ini.o
 .debug_aranges
                0x00000150       0x30 Mod_Timer.o
 .debug_aranges
                0x00000180       0x20 PGM_Atmega-Aula31.o

.debug_pubnames
 *(.debug_pubnames)

.debug_info     0x00000000     0x1d5f
 *(.debug_info .gnu.linkonce.wi.*)
 .debug_info    0x00000000      0x5f4 C:/Program Files (x86)/Atmel/Studio/7.0/Packs/atmel/ATmega_DFP/1.7.374/gcc/dev/atmega328p/avr5/crtatmega328p.o
 .debug_info    0x000005f4       0xa6 fuse.o
 .debug_info    0x0000069a      0x93d Mod_Hw.o
 .debug_info    0x00000fd7      0x7e9 Mod_I2C.o
 .debug_info    0x000017c0       0xed Mod_Ini.o
 .debug_info    0x000018ad      0x198 Mod_Timer.o
 .debug_info    0x00001a45      0x31a PGM_Atmega-Aula31.o

.debug_abbrev   0x00000000      0xbbd
 *(.debug_abbrev)
 .debug_abbrev  0x00000000      0x5a2 C:/Program Files (x86)/Atmel/Studio/7.0/Packs/atmel/ATmega_DFP/1.7.374/gcc/dev/atmega328p/avr5/crtatmega328p.o
 .debug_abbrev  0x000005a2       0x6f fuse.o
 .debug_abbrev  0x00000611      0x21b Mod_Hw.o
 .debug_abbrev  0x0000082c      0x18c Mod_I2C.o
 .debug_abbrev  0x000009b8       0x90 Mod_Ini.o
 .debug_abbrev  0x00000a48       0xc6 Mod_Timer.o
 .debug_abbrev  0x00000b0e       0xaf PGM_Atmega-Aula31.o

.debug_line     0x00000000     0x118a
 *(.debug_line .debug_line.* .debug_line_end)
 .debug_line    0x00000000      0x134 C:/Program Files (x86)/Atmel/Studio/7.0/Packs/atmel/ATmega_DFP/1.7.374/gcc/dev/atmega328p/avr5/crtatmega328p.o
 .debug_line    0x00000134       0x8d fuse.o
 .debug_line    0x000001c1      0x7d5 Mod_Hw.o
 .debug_line    0x00000996      0x48b Mod_I2C.o
 .debug_line    0x00000e21       0xe7 Mod_Ini.o
 .debug_line    0x00000f08      0x19b Mod_Timer.o
 .debug_line    0x000010a3       0xe7 PGM_Atmega-Aula31.o

.debug_frame    0x00000000      0x3f0
 *(.debug_frame)
 .debug_frame   0x00000000      0x22c Mod_Hw.o
 .debug_frame   0x0000022c       0xf0 Mod_I2C.o
 .debug_frame   0x0000031c       0x24 Mod_Ini.o
 .debug_frame   0x00000340       0x8c Mod_Timer.o
 .debug_frame   0x000003cc       0x24 PGM_Atmega-Aula31.o

.debug_str      0x00000000      0x85c
 *(.debug_str)
 .debug_str     0x00000000      0x208 C:/Program Files (x86)/Atmel/Studio/7.0/Packs/atmel/ATmega_DFP/1.7.374/gcc/dev/atmega328p/avr5/crtatmega328p.o
 .debug_str     0x00000208      0x164 fuse.o
                                0x198 (size before relaxing)
 .debug_str     0x0000036c      0x2c0 Mod_Hw.o
                                0x445 (size before relaxing)
 .debug_str     0x0000062c       0xf2 Mod_I2C.o
                                0x271 (size before relaxing)
 .debug_str     0x0000071e       0x21 Mod_Ini.o
                                0x1ce (size before relaxing)
 .debug_str     0x0000073f       0x91 Mod_Timer.o
                                0x257 (size before relaxing)
 .debug_str     0x000007d0       0x8c PGM_Atmega-Aula31.o
                                0x2e4 (size before relaxing)

.debug_loc      0x00000000     0x10f2
 *(.debug_loc)
 .debug_loc     0x00000000      0xce3 Mod_Hw.o
 .debug_loc     0x00000ce3      0x344 Mod_I2C.o
 .debug_loc     0x00001027       0xcb Mod_Timer.o

.debug_macinfo
 *(.debug_macinfo)

.debug_weaknames
 *(.debug_weaknames)

.debug_funcnames
 *(.debug_funcnames)

.debug_typenames
 *(.debug_typenames)

.debug_varnames
 *(.debug_varnames)

.debug_pubtypes
 *(.debug_pubtypes)

.debug_ranges   0x00000000      0x138
 *(.debug_ranges)
 .debug_ranges  0x00000000       0xc0 Mod_Hw.o
 .debug_ranges  0x000000c0       0x38 Mod_I2C.o
 .debug_ranges  0x000000f8       0x10 Mod_Ini.o
 .debug_ranges  0x00000108       0x20 Mod_Timer.o
 .debug_ranges  0x00000128       0x10 PGM_Atmega-Aula31.o

.debug_macro
 *(.debug_macro)
OUTPUT(PGM_Atmega-Aula31.elf elf32-avr)
LOAD linker stubs
